Running rust-toolchain
info: syncing channel updates for 1.96.0-x86_64-unknown-linux-gnu

  1.96.0-x86_64-unknown-linux-gnu unchanged - rustc 1.96.0 (ac68faa20 2026-05-25)

info: checking for self-update (current version: 1.29.1)
Running allocator
    Finished `release` profile [optimized] target(s) in 0.01s
Running lean-backend
⚠ [7/202] Replayed FV.Clif.Parse
warning: FV/Clif/Parse.lean:599:8: Variable name `t` is not explicitly referenced.

Hint: The binding can be removed (if unused) or named `_` (if used implicitly). Alternatively, prefix the name with `_` to silence this warning:
  [apply] _t

Note: This linter can be disabled with `set_option linter.unusedVariables false`
⚠ [45/202] Replayed FV.Backend.Regalloc
warning: FV/Backend/Regalloc.lean:393:10: `if_pos` has been deprecated: Use `ite_eq_left` instead
warning: FV/Backend/Regalloc.lean:393:10: `if_pos` has been deprecated: Use `ite_eq_left` instead
warning: FV/Backend/Regalloc.lean:394:10: `if_neg` has been deprecated: Use `ite_eq_right` instead
warning: FV/Backend/Regalloc.lean:394:10: `if_neg` has been deprecated: Use `ite_eq_right` instead
⚠ [48/202] Replayed FV.Arm.BitVec
warning: FV/Arm/BitVec.lean:318:41: This simp argument is unused:
  setWidth_eq

Hint: Omit it from the simp argument list.
  [apply] simp only [partInstall, truncate_eq_setWidth, getLsbD_or, getLsbD_and, getLsbD_not, getLsbD_shiftLeft, hi,
    decide_true, Bool.true_and, getLsbD_setWidth, getLsbD_allOnes, Bool.not_and, Bool.not_not, getLsbD_cast,
    BitVec.getLsbD_append, zeroExtend_eq_setWidth]

Note: This linter can be disabled with `set_option linter.unusedSimpArgs false`
warning: FV/Arm/BitVec.lean:318:54: This simp argument is unused:
  zeroExtend_eq_setWidth

Hint: Omit it from the simp argument list.
  [apply] simp only [partInstall, truncate_eq_setWidth, getLsbD_or, getLsbD_and, getLsbD_not, getLsbD_shiftLeft, hi,
    decide_true, Bool.true_and, getLsbD_setWidth, getLsbD_allOnes, Bool.not_and, Bool.not_not, getLsbD_cast,
    BitVec.getLsbD_append, setWidth_eq]

Note: This linter can be disabled with `set_option linter.unusedSimpArgs false`
warning: FV/Arm/BitVec.lean:342:56: This simp argument is unused:
  Nat.succ_eq_one_add

Hint: Omit it from the simp argument list.
  [apply] simp [List.length_cons, Nat.mul_one, Nat.mul_add]

Note: This linter can be disabled with `set_option linter.unusedSimpArgs false`
warning: FV/Arm/BitVec.lean:661:43: This simp argument is unused:
  cast_heq_iff

Hint: Omit it from the simp argument list.
  [apply] simp only [append_zero_width, heq_eq_eq, Nat.sub_zero]

Note: This linter can be disabled with `set_option linter.unusedSimpArgs false`
warning: FV/Arm/BitVec.lean:689:13: This simp argument is unused:
  cast

Hint: Omit it from the simp argument list.
  [apply] simp only [zero_width_append, toNat_ofNatLT]

Note: This linter can be disabled with `set_option linter.unusedSimpArgs false`
warning: FV/Arm/BitVec.lean:689:38: This simp argument is unused:
  toNat_ofNatLT

Hint: Omit it from the simp argument list.
  [apply] simp only [cast, zero_width_append]

Note: This linter can be disabled with `set_option linter.unusedSimpArgs false`
warning: FV/Arm/BitVec.lean:731:16: This simp argument is unused:
  Nat.add_sub_cancel

Hint: Omit it from the simp argument list.
  [apply] simp_all

Note: This linter can be disabled with `set_option linter.unusedSimpArgs false`
warning: FV/Arm/BitVec.lean:739:12: This simp argument is unused:
  h5

Hint: Omit it from the simp argument list.
  [apply] simp [h6]

Note: This linter can be disabled with `set_option linter.unusedSimpArgs false`
warning: FV/Arm/BitVec.lean:746:14: This simp argument is unused:
  Nat.testBit_mod_two_pow

Hint: Omit it from the simp argument list.
  [apply] simp_all

Note: This linter can be disabled with `set_option linter.unusedSimpArgs false`
warning: FV/Arm/BitVec.lean:759:28: This simp argument is unused:
  Nat.sub_add_cancel

Hint: Omit it from the simp argument list.
  [apply] simp_all [toNat_setWidth, low_le]

Note: This linter can be disabled with `set_option linter.unusedSimpArgs false`
warning: FV/Arm/BitVec.lean:759:48: This simp argument is unused:
  low_le

Hint: Omit it from the simp argument list.
  [apply] simp_all [toNat_setWidth, Nat.sub_add_cancel]

Note: This linter can be disabled with `set_option linter.unusedSimpArgs false`
warning: FV/Arm/BitVec.lean:772:39: This simp argument is unused:
  Nat.sub_zero

Hint: Omit it from the simp argument list.
  [apply] simp_all only

Note: This linter can be disabled with `set_option linter.unusedSimpArgs false`
warning: FV/Arm/BitVec.lean:773:13: This simp argument is unused:
  h_vlt

Hint: Omit it from the simp argument list.
  [apply] simp only [forall_prop_of_true] at this

Note: This linter can be disabled with `set_option linter.unusedSimpArgs false`
warning: FV/Arm/BitVec.lean:774:28: This simp argument is unused:
  Nat.sub_add_cancel

Hint: Omit it from the simp argument list.
  [apply] simp_all [toNat_setWidth]

Note: This linter can be disabled with `set_option linter.unusedSimpArgs false`
warning: FV/Arm/BitVec.lean:843:8: This simp argument is unused:
  BitVec.lt_def

Hint: Omit it from the simp argument list.
  [apply] simp at h

Note: This linter can be disabled with `set_option linter.unusedSimpArgs false`
warning: FV/Arm/BitVec.lean:847:8: This simp argument is unused:
  BitVec.lt_def

Hint: Omit it from the simp argument list.
  [apply] simp at h

Note: This linter can be disabled with `set_option linter.unusedSimpArgs false`
warning: FV/Arm/BitVec.lean:908:89: This simp argument is unused:
  cast_ofNat

Hint: Omit it from the simp argument list.
  [apply] simp only [extractLsByte, BitVec.extractLsb'_ofNat, Nat.zero_mod, Nat.zero_shiftRight]

Note: This linter can be disabled with `set_option linter.unusedSimpArgs false`
warning: FV/Arm/BitVec.lean:922:28: This simp argument is unused:
  getLsbD_cast

Hint: Omit it from the simp argument list.
  [apply] simp only [extractLsByte, getLsbD_extract]

Note: This linter can be disabled with `set_option linter.unusedSimpArgs false`
warning: FV/Arm/BitVec.lean:922:42: This simp argument is unused:
  getLsbD_extract

Hint: Omit it from the simp argument list.
  [apply] simp only [extractLsByte, getLsbD_cast]

Note: This linter can be disabled with `set_option linter.unusedSimpArgs false`
warning: FV/Arm/BitVec.lean:927:4: This simp argument is unused:
  and_iff_right_iff_imp

Hint: Omit it from the simp argument list.
  [apply] simp only [show (i : Nat) ≤ 7 by omega, decide_true, Bool.true_and, decide_eq_true_eq, h]

Note: This linter can be disabled with `set_option linter.unusedSimpArgs false`
warning: FV/Arm/BitVec.lean:927:27: This simp argument is unused:
  decide_eq_true_eq

Hint: Omit it from the simp argument list.
  [apply] simp only [show (i : Nat) ≤ 7 by omega, decide_true, Bool.true_and, and_iff_right_iff_imp, h]

Note: This linter can be disabled with `set_option linter.unusedSimpArgs false`
warning: FV/Arm/BitVec.lean:929:4: This simp argument is unused:
  Bool.and_eq_false_imp

Hint: Omit it from the simp argument list.
  [apply] simp only [show ¬(i : Nat) ≤ 7 by omega, decide_false, Bool.false_and, decide_eq_true_eq, h]

Note: This linter can be disabled with `set_option linter.unusedSimpArgs false`
warning: FV/Arm/BitVec.lean:929:27: This simp argument is unused:
  decide_eq_true_eq

Hint: Omit it from the simp argument list.
  [apply] simp only [show ¬(i : Nat) ≤ 7 by omega, decide_false, Bool.false_and, Bool.and_eq_false_imp, h]

Note: This linter can be disabled with `set_option linter.unusedSimpArgs false`
warning: FV/Arm/BitVec.lean:988:37: This simp argument is unused:
  Fin.is_lt

Hint: Omit it from the simp argument list.
  [apply] simp only [getLsbD_extractLsBytes, decide_true, getLsbD_zero, Bool.and_false, implies_true]

Note: This linter can be disabled with `set_option linter.unusedSimpArgs false`
warning: FV/Arm/BitVec.lean:988:48: This simp argument is unused:
  decide_true

Hint: Omit it from the simp argument list.
  [apply] simp only [getLsbD_extractLsBytes, Fin.is_lt, getLsbD_zero, Bool.and_false, implies_true]

Note: This linter can be disabled with `set_option linter.unusedSimpArgs false`
warning: FV/Arm/BitVec.lean:1026:2: `[deprecated]` attribute should specify the date or library version at which the deprecation was introduced, using `(since := "...")`
⚠ [62/202] Replayed FV.Opt.Legalize128
warning: FV/Opt/Legalize128.lean:82:12: Variable name `op` is not explicitly referenced.

Hint: The binding can be removed (if unused) or named `_` (if used implicitly). Alternatively, prefix the name with `_` to silence this warning:
  [apply] _op

Note: This linter can be disabled with `set_option linter.unusedVariables false`
⚠ [64/202] Replayed FV.Opt.Legalize128Pass
warning: FV/Opt/Legalize128Pass.lean:386:44: Variable name `own` is not explicitly referenced.

Hint: The binding can be removed (if unused) or named `_` (if used implicitly). Alternatively, prefix the name with `_` to silence this warning:
  [apply] _own

Note: This linter can be disabled with `set_option linter.unusedVariables false`
Build completed successfully (202 jobs).
Running stock-exporter
    Finished `dev` profile [unoptimized + debuginfo] target(s) in 0.05s
Running validation
test_all_encoder_relocation_types_are_known (test_stock_compiler_compare.ContractTests.test_all_encoder_relocation_types_are_known) ... ok
test_function_rejections_must_be_a_name_to_reason_map (test_stock_compiler_compare.ContractTests.test_function_rejections_must_be_a_name_to_reason_map) ... ok
test_function_stock_signed_is_a_setting_gap (test_stock_compiler_compare.ContractTests.test_function_stock_signed_is_a_setting_gap) ... ok
test_receipt_requires_exact_settings_and_input (test_stock_compiler_compare.ContractTests.test_receipt_requires_exact_settings_and_input) ... ok
test_unsupported_or_missing_receipt_never_passes (test_stock_compiler_compare.ContractTests.test_unsupported_or_missing_receipt_never_passes) ... ok
test_conflicting_driver_options_rejected_before_acceptance (test_stock_compiler_compare.StockIntegrationTests.test_conflicting_driver_options_rejected_before_acceptance) ... ok
test_exporter_names_compile_artifacts_by_position (test_stock_compiler_compare.StockIntegrationTests.test_exporter_names_compile_artifacts_by_position) ... ok
test_metadata_mutation_and_nonrepeatability_cannot_pass (test_stock_compiler_compare.StockIntegrationTests.test_metadata_mutation_and_nonrepeatability_cannot_pass) ... ok
test_no_default_isa_invented (test_stock_compiler_compare.StockIntegrationTests.test_no_default_isa_invented) ... ok
test_non_binary_and_foreign_files_remain_inventory_gaps (test_stock_compiler_compare.StockIntegrationTests.test_non_binary_and_foreign_files_remain_inventory_gaps) ... ok
test_non_pic_far_symbol_is_explicit_function_gap (test_stock_compiler_compare.StockIntegrationTests.test_non_pic_far_symbol_is_explicit_function_gap) ... ok
test_relocation_dump_disagreement_with_object_cannot_pass (test_stock_compiler_compare.StockIntegrationTests.test_relocation_dump_disagreement_with_object_cannot_pass) ... ok
test_repeated_function_names_are_compared_separately (test_stock_compiler_compare.StockIntegrationTests.test_repeated_function_names_are_compared_separately) ... ok
test_settings_accepted_only_for_functions_they_cannot_change (test_stock_compiler_compare.StockIntegrationTests.test_settings_accepted_only_for_functions_they_cannot_change) ... ok
test_settings_are_honored_not_masked (test_stock_compiler_compare.StockIntegrationTests.test_settings_are_honored_not_masked) ... ok
test_stock_compile_assertions_and_exact_outputs (test_stock_compiler_compare.StockIntegrationTests.test_stock_compile_assertions_and_exact_outputs) ... ok
test_stock_run_preparation_and_exact_outputs (test_stock_compiler_compare.StockIntegrationTests.test_stock_run_preparation_and_exact_outputs) ... ok
test_unknown_missing_duplicate_and_unimplemented_flags_rejected (test_stock_compiler_compare.StockIntegrationTests.test_unknown_missing_duplicate_and_unimplemented_flags_rejected) ... ok

----------------------------------------------------------------------
Ran 18 tests in 0.947s

OK
Running pipeline-validation
test_bless_is_rejected (test_stock_pipeline.PipelineTests.test_bless_is_rejected) ... ok
test_build_failure_stops_before_measurement (test_stock_pipeline.PipelineTests.test_build_failure_stops_before_measurement) ... ok
test_comparison_crash_is_not_a_completed_measurement (test_stock_pipeline.PipelineTests.test_comparison_crash_is_not_a_completed_measurement) ... ok
test_complete_measurement_preserves_nonagreement_exit_and_pins_tools (test_stock_pipeline.PipelineTests.test_complete_measurement_preserves_nonagreement_exit_and_pins_tools) ... ok
test_help_and_bad_arguments_need_no_compilers (test_stock_pipeline.PipelineTests.test_help_and_bad_arguments_need_no_compilers) ... ok

----------------------------------------------------------------------
Ran 5 tests in 0.520s

OK
Running exporter-validation
test_exact_match (test_prejit_baseline.ComparisonTests.test_exact_match) ... ok
test_instruction_change (test_prejit_baseline.ComparisonTests.test_instruction_change) ... ok
test_relocation_kind_target_addend_and_offset (test_prejit_baseline.ComparisonTests.test_relocation_kind_target_addend_and_offset) ... ok
test_stock_settings_difference_remains_visible (test_prejit_baseline.ComparisonTests.test_stock_settings_difference_remains_visible) ... ok
test_symbol_identity_not_byte_normalization (test_prejit_baseline.ComparisonTests.test_symbol_identity_not_byte_normalization) ... ok
test_compile_only_matches_stock_host_jit_compilation (test_prejit_baseline.ExportIntegrationTests.test_compile_only_matches_stock_host_jit_compilation) ... ok
test_dynamic_vector_printer_limit_does_not_stop_reference_export (test_prejit_baseline.ExportIntegrationTests.test_dynamic_vector_printer_limit_does_not_stop_reference_export) ... ok
test_foreign_target_is_not_silently_retargeted (test_prejit_baseline.ExportIntegrationTests.test_foreign_target_is_not_silently_retargeted) ... ok
test_no_jit_allocation_and_repeatability (test_prejit_baseline.ExportIntegrationTests.test_no_jit_allocation_and_repeatability) ... ok
test_signature_adaptation_is_exported_and_stock_checked (test_prejit_baseline.ExportIntegrationTests.test_signature_adaptation_is_exported_and_stock_checked) ... ok

----------------------------------------------------------------------
Ran 10 tests in 0.260s

OK
1/1302 alias/categories.clif
2/1302 alias/check-unset-reset-flag.clif
3/1302 alias/control-flow-join-lossy.clif
4/1302 alias/crossing-merges.clif
5/1302 alias/dead-store-chain.clif
6/1302 alias/dead-store-cross-block.clif
7/1302 alias/dead-store-no-region.clif
8/1302 alias/dead-store-other-region.clif
9/1302 alias/dead-store-pre-gvn-address.clif
10/1302 alias/dead-store-then-idempotent-store.clif
11/1302 alias/dead-store-trap-codes.clif
12/1302 alias/eight_regions.clif
13/1302 alias/endianness.clif
14/1302 alias/extends.clif
15/1302 alias/fence-fallback-across-join.clif
16/1302 alias/fence.clif
17/1302 alias/forward-across-trap.clif
18/1302 alias/idempotent-store.clif
19/1302 alias/issue-13508.clif
20/1302 alias/issue-13961.clif
21/1302 alias/issue-14053.clif
22/1302 alias/issue-14131-atomic.clif
23/1302 alias/issue-14131.clif
24/1302 alias/join-order-independence.clif
25/1302 alias/join-single-predecessor.clif
26/1302 alias/merge-token-identity.clif
27/1302 alias/multiple-blocks.clif
28/1302 alias/no-region.clif
29/1302 alias/not-dead-all-regions-observed.clif
30/1302 alias/not-dead-atomic-store-before-trap.clif
31/1302 alias/not-dead-cross-region.clif
32/1302 alias/not-dead-different-location.clif
33/1302 alias/not-dead-fence-between.clif
34/1302 alias/not-dead-loop-carried.clif
35/1302 alias/not-dead-not-post-dominated.clif
36/1302 alias/not-dead-region-observed.clif
37/1302 alias/not-dead-trapping-load.clif
38/1302 alias/not-dead-would-change-trap.clif
39/1302 alias/not-dead-would-drop-store-before-trap.clif
40/1302 alias/not-dead-would-store-before-trap.clif
41/1302 alias/partial-redundancy.clif
42/1302 alias/same-description.clif
43/1302 alias/simple-alias.clif
44/1302 alias/stale-last-store-after-dead-store.clif
45/1302 alias/stale-last-store-after-idempotent-store.clif
46/1302 alias/store-to-load-forwarding-from-dead-store.clif
47/1302 cfg/loop.clif
48/1302 cfg/traps_early.clif
49/1302 cfg/unused_node.clif
50/1302 domtree/basic.clif
51/1302 domtree/loops.clif
52/1302 domtree/loops2.clif
53/1302 domtree/tall-tree.clif
54/1302 domtree/wide-tree.clif
55/1302 egraph/alias_analysis.clif
56/1302 egraph/arithmetic-precise.clif
57/1302 egraph/arithmetic.clif
58/1302 egraph/basic-gvn.clif
59/1302 egraph/bitops.clif
60/1302 egraph/bitselect.clif
61/1302 egraph/branch-to-trap.clif
62/1302 egraph/branch-trap-truthy.clif
63/1302 egraph/brif-cnt-cond.clif
64/1302 egraph/cnt-bool-context.clif
65/1302 egraph/cprop-splat.clif
66/1302 egraph/cprop.clif
67/1302 egraph/exponential-selects.clif
68/1302 egraph/extends.clif
69/1302 egraph/fcvt-from-int.clif
70/1302 egraph/fcvt.clif
71/1302 egraph/fold-add-and-xor.clif
72/1302 egraph/fold-add-or-and.clif
73/1302 egraph/fold-add-shifts.clif
74/1302 egraph/fold-add-sub.clif
75/1302 egraph/fold-and-shifts.clif
76/1302 egraph/fold-and-xor-not.clif
77/1302 egraph/fold-bitops.clif
78/1302 egraph/fold-or-and-not.clif
79/1302 egraph/fold-or-and.clif
80/1302 egraph/fold-selects.clif
81/1302 egraph/fold-sub-add.clif
82/1302 egraph/fold-sub-shifts.clif
83/1302 egraph/fold-xor-xor.clif
84/1302 egraph/i128-opts.clif
85/1302 egraph/icmp-new.clif
86/1302 egraph/icmp-parameterized.clif
87/1302 egraph/icmp.clif
88/1302 egraph/idempotent-traps.clif
89/1302 egraph/isplit.clif
90/1302 egraph/issue-10409.clif
91/1302 egraph/issue-11578-opt.clif
92/1302 egraph/issue-11578-semantics.clif
93/1302 egraph/issue-12328.clif
94/1302 egraph/issue-12503.clif
95/1302 egraph/issue-13365-2.clif
96/1302 egraph/issue-13365.clif
97/1302 egraph/issue-5405.clif
98/1302 egraph/issue-5417.clif
99/1302 egraph/issue-5437.clif
100/1302 egraph/issue-5716.clif
101/1302 egraph/issue-5796.clif
102/1302 egraph/issue-7875.clif
103/1302 egraph/issue-7891.clif
104/1302 egraph/issue-7999.clif
105/1302 egraph/licm.clif
106/1302 egraph/load-hoist.clif
107/1302 egraph/misc.clif
108/1302 egraph/mul-pow-2.clif
109/1302 egraph/multivalue.clif
110/1302 egraph/not_a_load.clif
111/1302 egraph/reassociate-constants-in-shifts.clif
112/1302 egraph/remat.clif
113/1302 egraph/scalar-to-vector-vconst.clif
114/1302 egraph/sdiv.clif
115/1302 egraph/select-to-abs.clif
116/1302 egraph/select.clif
117/1302 egraph/selects.clif
118/1302 egraph/shifts.clif
119/1302 egraph/shifts2.clif
120/1302 egraph/simd-splat-simplify.clif
121/1302 egraph/simd-splat-widen.clif
122/1302 egraph/skeleton.clif
123/1302 egraph/spaceship.clif
124/1302 egraph/spectre.clif
125/1302 egraph/srem.clif
126/1302 egraph/try_call-mem-clobber.clif
127/1302 egraph/udiv.clif
128/1302 egraph/unordered.clif
129/1302 egraph/urem.clif
130/1302 egraph/vector.clif
131/1302 inline/alias_regions.clif
132/1302 inline/basic.clif
133/1302 inline/br-table.clif
134/1302 inline/control-flow.clif
135/1302 inline/debug.clif
136/1302 inline/dynamic-stack-slots.clif
137/1302 inline/globals.clif
138/1302 inline/return-call-indirect.clif
139/1302 inline/return-call.clif
140/1302 inline/shuffle.clif
141/1302 inline/stack-maps-opt.clif
142/1302 inline/stack-maps.clif
143/1302 inline/stack-slots.clif
144/1302 inline/try-call.clif
145/1302 inline/unreachable-block.clif
146/1302 inline/user-external-name-refs.clif
147/1302 inline/vconst.clif
148/1302 inline/vmctx.clif
149/1302 isa/aarch64/amode-shared-base.clif
150/1302 isa/aarch64/amodes.clif
151/1302 isa/aarch64/apple-aarch64-sext-stack-arg.clif
152/1302 isa/aarch64/arithmetic.clif
153/1302 isa/aarch64/atomic-cas-128-lse.clif
154/1302 isa/aarch64/atomic-cas.clif
155/1302 isa/aarch64/atomic-rmw-lse.clif
156/1302 isa/aarch64/atomic-rmw.clif
157/1302 isa/aarch64/atomic_load.clif
158/1302 isa/aarch64/atomic_store.clif
159/1302 isa/aarch64/basic1.clif
160/1302 isa/aarch64/big-endian.clif
161/1302 isa/aarch64/bitcast-fp16.clif
162/1302 isa/aarch64/bitcast.clif
163/1302 isa/aarch64/bitops.clif
164/1302 isa/aarch64/bitopts-optimized.clif
165/1302 isa/aarch64/bitselect-i128.clif
166/1302 isa/aarch64/bmask.clif
167/1302 isa/aarch64/bswap.clif
168/1302 isa/aarch64/bti.clif
169/1302 isa/aarch64/bti_with_csdb.clif
170/1302 isa/aarch64/call-indirect.clif
171/1302 isa/aarch64/call-pauth-bkey.clif
172/1302 isa/aarch64/call-pauth.clif
173/1302 isa/aarch64/call.clif
174/1302 isa/aarch64/cold-blocks.clif
175/1302 isa/aarch64/compact-unwind.clif
176/1302 isa/aarch64/compare_zero.clif
177/1302 isa/aarch64/condbr.clif
178/1302 isa/aarch64/condops-with-csdb.clif
179/1302 isa/aarch64/condops.clif
180/1302 isa/aarch64/constants-fp16.clif
181/1302 isa/aarch64/constants.clif
182/1302 isa/aarch64/dead-notrap-load.clif
183/1302 isa/aarch64/dynamic-simd-narrow.clif
184/1302 isa/aarch64/dynamic-simd-neon.clif
185/1302 isa/aarch64/dynamic-simd-widen.clif
186/1302 isa/aarch64/dynamic-slot.clif
187/1302 isa/aarch64/exception-handler-address.clif
188/1302 isa/aarch64/exceptions.clif
189/1302 isa/aarch64/extend-op.clif
190/1302 isa/aarch64/extr.clif
191/1302 isa/aarch64/fcvt-small.clif
192/1302 isa/aarch64/fcvt.clif
193/1302 isa/aarch64/floating-point-bitwise.clif
194/1302 isa/aarch64/floating-point.clif
195/1302 isa/aarch64/fma-f16.clif
196/1302 isa/aarch64/fma-opt.clif
197/1302 isa/aarch64/fma.clif
198/1302 isa/aarch64/fp_sp_pc-pauth.clif
199/1302 isa/aarch64/fp_sp_pc.clif
200/1302 isa/aarch64/fuzzbug-60035.clif
201/1302 isa/aarch64/i128.clif
202/1302 isa/aarch64/iabs.clif
203/1302 isa/aarch64/icmp-const.clif
204/1302 isa/aarch64/iconst-icmp-small.clif
205/1302 isa/aarch64/iconst-imm12_from_negated.clif
206/1302 isa/aarch64/inline-probestack.clif
207/1302 isa/aarch64/issue-12316.clif
208/1302 isa/aarch64/issue-5985.clif
209/1302 isa/aarch64/issue-8659.clif
210/1302 isa/aarch64/issue-shift-masked-imm-type.clif
211/1302 isa/aarch64/jumptable-no-spectre.clif
212/1302 isa/aarch64/jumptable.clif
213/1302 isa/aarch64/jumptable_with_csdb.clif
214/1302 isa/aarch64/leaf.clif
215/1302 isa/aarch64/leaf_function_detection.clif
216/1302 isa/aarch64/leaf_with_preserve_frame_pointers.clif
217/1302 isa/aarch64/load-extends.clif
218/1302 isa/aarch64/load-f16-f128.clif
219/1302 isa/aarch64/load-small-vector.clif
220/1302 isa/aarch64/minmax.clif
221/1302 isa/aarch64/mul_overflow_flag_consumers.clif
222/1302 isa/aarch64/multivalue-ret.clif
223/1302 isa/aarch64/nan-canonicalization.clif
224/1302 isa/aarch64/narrow-arithmetic.clif
225/1302 isa/aarch64/no_spill_floats_on_try_call.clif
226/1302 isa/aarch64/patchable-call.clif
227/1302 isa/aarch64/pinned-reg.clif
228/1302 isa/aarch64/preserve-all.clif
229/1302 isa/aarch64/prologue.clif
230/1302 isa/aarch64/reduce.clif
231/1302 isa/aarch64/return-call-indirect.clif
232/1302 isa/aarch64/return-call.clif
233/1302 isa/aarch64/select-fp16.clif
234/1302 isa/aarch64/select.clif
235/1302 isa/aarch64/shift-op.clif
236/1302 isa/aarch64/shift-rotate.clif
237/1302 isa/aarch64/shuffle.clif
238/1302 isa/aarch64/simd-addv-reduce.clif
239/1302 isa/aarch64/simd-arithmetic.clif
240/1302 isa/aarch64/simd-bitwise-compile.clif
241/1302 isa/aarch64/simd-comparison-legalize.clif
242/1302 isa/aarch64/simd-extmul.clif
243/1302 isa/aarch64/simd-lane-access-compile.clif
244/1302 isa/aarch64/simd-logical-compile.clif
245/1302 isa/aarch64/simd-min-max.clif
246/1302 isa/aarch64/simd-narrow.clif
247/1302 isa/aarch64/simd-pairwise-add.clif
248/1302 isa/aarch64/simd-sdot.clif
249/1302 isa/aarch64/simd-splat.clif
250/1302 isa/aarch64/simd-valltrue.clif
251/1302 isa/aarch64/simd.clif
252/1302 isa/aarch64/simd_load_zero.clif
253/1302 isa/aarch64/stack-limit.clif
254/1302 isa/aarch64/stack-return-abi.clif
255/1302 isa/aarch64/stack.clif
256/1302 isa/aarch64/stackslot.clif
257/1302 isa/aarch64/store-f16-f128.clif
258/1302 isa/aarch64/store-small-vector.clif
259/1302 isa/aarch64/symbol-value-pic.clif
260/1302 isa/aarch64/symbol-value.clif
261/1302 isa/aarch64/tail-call-conv.clif
262/1302 isa/aarch64/tail-call-frame-optimization-unwind.clif
263/1302 isa/aarch64/tail-call-frame-optimization.clif
264/1302 isa/aarch64/tls-elf-gd.clif
265/1302 isa/aarch64/tls-macho.clif
266/1302 isa/aarch64/trap_sdiv.clif
267/1302 isa/aarch64/traps.clif
268/1302 isa/aarch64/uadd_overflow_brif.clif
269/1302 isa/aarch64/uadd_overflow_flag_consumers.clif
270/1302 isa/aarch64/uadd_overflow_trap.clif
271/1302 isa/aarch64/uext-sext-handling.clif
272/1302 isa/aarch64/uextend-sextend.clif
273/1302 isa/aarch64/usdot.clif
274/1302 isa/aarch64/user_stack_maps.clif
275/1302 isa/aarch64/vhigh_bits.clif
276/1302 isa/pulley32/bmask.clif
277/1302 isa/pulley32/br_table.clif
278/1302 isa/pulley32/brif-icmp.clif
279/1302 isa/pulley32/brif.clif
280/1302 isa/pulley32/call.clif
281/1302 isa/pulley32/exceptions.clif
282/1302 isa/pulley32/extend.clif
283/1302 isa/pulley32/iadd.clif
284/1302 isa/pulley32/icmp.clif
285/1302 isa/pulley32/iconst.clif
286/1302 isa/pulley32/isub.clif
287/1302 isa/pulley32/jump.clif
288/1302 isa/pulley32/load.clif
289/1302 isa/pulley32/patchable-call.clif
290/1302 isa/pulley32/preserve-all.clif
291/1302 isa/pulley32/special_regs.clif
292/1302 isa/pulley32/stack_addr.clif
293/1302 isa/pulley32/store.clif
294/1302 isa/pulley32/symbols.clif
295/1302 isa/pulley32/trap.clif
296/1302 isa/pulley64/band.clif
297/1302 isa/pulley64/bmask.clif
298/1302 isa/pulley64/bor.clif
299/1302 isa/pulley64/br_table.clif
300/1302 isa/pulley64/brif-icmp.clif
301/1302 isa/pulley64/brif.clif
302/1302 isa/pulley64/bxor.clif
303/1302 isa/pulley64/call.clif
304/1302 isa/pulley64/call_indirect_host.clif
305/1302 isa/pulley64/exceptions.clif
306/1302 isa/pulley64/extend.clif
307/1302 isa/pulley64/iadd.clif
308/1302 isa/pulley64/icmp.clif
309/1302 isa/pulley64/iconst.clif
310/1302 isa/pulley64/imul.clif
311/1302 isa/pulley64/issue-12317.clif
312/1302 isa/pulley64/jump.clif
313/1302 isa/pulley64/load.clif
314/1302 isa/pulley64/loadbe.clif
315/1302 isa/pulley64/patchable-call.clif
316/1302 isa/pulley64/preserve-all.clif
317/1302 isa/pulley64/shifts.clif
318/1302 isa/pulley64/special_regs.clif
319/1302 isa/pulley64/stack_addr.clif
320/1302 isa/pulley64/store.clif
321/1302 isa/pulley64/storebe.clif
322/1302 isa/pulley64/symbols.clif
323/1302 isa/pulley64/trap.clif
324/1302 isa/pulley64/trap_blocks_are_cold.clif
325/1302 isa/riscv64/amodes-fp.clif
326/1302 isa/riscv64/amodes.clif
327/1302 isa/riscv64/arithmetic-extends.clif
328/1302 isa/riscv64/arithmetic-zba.clif
329/1302 isa/riscv64/arithmetic.clif
330/1302 isa/riscv64/atomic-rmw.clif
331/1302 isa/riscv64/atomic_load.clif
332/1302 isa/riscv64/atomic_store.clif
333/1302 isa/riscv64/big-endian.clif
334/1302 isa/riscv64/bitcast-float.clif
335/1302 isa/riscv64/bitcast-scalar-vector.clif
336/1302 isa/riscv64/bitops-float.clif
337/1302 isa/riscv64/bitops-optimized.clif
338/1302 isa/riscv64/bitops.clif
339/1302 isa/riscv64/bitrev-zbb-zbkb.clif
340/1302 isa/riscv64/bitrev.clif
341/1302 isa/riscv64/br_table.clif
342/1302 isa/riscv64/brif.clif
343/1302 isa/riscv64/bswap-zbb.clif
344/1302 isa/riscv64/bswap.clif
345/1302 isa/riscv64/c-inline-probestack.clif
346/1302 isa/riscv64/call-indirect.clif
347/1302 isa/riscv64/call.clif
348/1302 isa/riscv64/ceil.clif
349/1302 isa/riscv64/cls-zbb.clif
350/1302 isa/riscv64/clz-zbb.clif
351/1302 isa/riscv64/cold-blocks.clif
352/1302 isa/riscv64/condbr.clif
353/1302 isa/riscv64/condops.clif
354/1302 isa/riscv64/constants.clif
355/1302 isa/riscv64/ctz-zbb-zbs.clif
356/1302 isa/riscv64/ctz-zbb.clif
357/1302 isa/riscv64/dead-notrap-load.clif
358/1302 isa/riscv64/exceptions.clif
359/1302 isa/riscv64/extend-i128.clif
360/1302 isa/riscv64/extend-zba.clif
361/1302 isa/riscv64/extend-zbb.clif
362/1302 isa/riscv64/extend-zbkb.clif
363/1302 isa/riscv64/extend.clif
364/1302 isa/riscv64/f16-bitcast-zfhmin.clif
365/1302 isa/riscv64/f16-bitcast-zvfh.clif
366/1302 isa/riscv64/f16-conversions.clif
367/1302 isa/riscv64/f16-fma.clif
368/1302 isa/riscv64/f16-memory.clif
369/1302 isa/riscv64/f16.clif
370/1302 isa/riscv64/f16const-zfhmin.clif
371/1302 isa/riscv64/fcmp.clif
372/1302 isa/riscv64/fcvt-small.clif
373/1302 isa/riscv64/float.clif
374/1302 isa/riscv64/floor.clif
375/1302 isa/riscv64/fma.clif
376/1302 isa/riscv64/fmax.clif
377/1302 isa/riscv64/fmin.clif
378/1302 isa/riscv64/fuzzbug-60035.clif
379/1302 isa/riscv64/i128-bmask.clif
380/1302 isa/riscv64/i128.clif
381/1302 isa/riscv64/iabs-zbb.clif
382/1302 isa/riscv64/iabs.clif
383/1302 isa/riscv64/iconst-icmp-small.clif
384/1302 isa/riscv64/inline-probestack.clif
385/1302 isa/riscv64/ishl-const.clif
386/1302 isa/riscv64/ishl.clif
387/1302 isa/riscv64/issue-12811.clif
388/1302 isa/riscv64/issue-13076.clif
389/1302 isa/riscv64/issue-5583.clif
390/1302 isa/riscv64/issue-6954.clif
391/1302 isa/riscv64/issue8847-1.clif
392/1302 isa/riscv64/issue8847.clif
393/1302 isa/riscv64/issue8866.clif
394/1302 isa/riscv64/leaf_function_detection.clif
395/1302 isa/riscv64/load-extends.clif
396/1302 isa/riscv64/load-f16-f128.clif
397/1302 isa/riscv64/multivalue-ret.clif
398/1302 isa/riscv64/nan-canonicalization-f16.clif
399/1302 isa/riscv64/nan-canonicalization-has_v.clif
400/1302 isa/riscv64/nan-canonicalization.clif
401/1302 isa/riscv64/narrow-arithmetic.clif
402/1302 isa/riscv64/nearest.clif
403/1302 isa/riscv64/patchable-call.clif
404/1302 isa/riscv64/popcnt.clif
405/1302 isa/riscv64/preserve-all.clif
406/1302 isa/riscv64/prologue.clif
407/1302 isa/riscv64/reduce.clif
408/1302 isa/riscv64/return-call-indirect.clif
409/1302 isa/riscv64/return-call.clif
410/1302 isa/riscv64/rotl.clif
411/1302 isa/riscv64/rotr.clif
412/1302 isa/riscv64/select-float.clif
413/1302 isa/riscv64/select.clif
414/1302 isa/riscv64/select_spectre_guard.clif
415/1302 isa/riscv64/simd-abi-large-spill.clif
416/1302 isa/riscv64/simd-abi.clif
417/1302 isa/riscv64/simd-avg_round.clif
418/1302 isa/riscv64/simd-band.clif
419/1302 isa/riscv64/simd-bitselect.clif
420/1302 isa/riscv64/simd-bnot.clif
421/1302 isa/riscv64/simd-bor.clif
422/1302 isa/riscv64/simd-bxor.clif
423/1302 isa/riscv64/simd-ceil.clif
424/1302 isa/riscv64/simd-const-f16.clif
425/1302 isa/riscv64/simd-extractlane.clif
426/1302 isa/riscv64/simd-fabs.clif
427/1302 isa/riscv64/simd-fadd.clif
428/1302 isa/riscv64/simd-fcmp-eq.clif
429/1302 isa/riscv64/simd-fcmp-ge.clif
430/1302 isa/riscv64/simd-fcmp-gt.clif
431/1302 isa/riscv64/simd-fcmp-le.clif
432/1302 isa/riscv64/simd-fcmp-lt.clif
433/1302 isa/riscv64/simd-fcmp-ne.clif
434/1302 isa/riscv64/simd-fcmp-one.clif
435/1302 isa/riscv64/simd-fcmp-ord.clif
436/1302 isa/riscv64/simd-fcmp-ueq.clif
437/1302 isa/riscv64/simd-fcmp-uge.clif
438/1302 isa/riscv64/simd-fcmp-ugt.clif
439/1302 isa/riscv64/simd-fcmp-ule.clif
440/1302 isa/riscv64/simd-fcmp-ult.clif
441/1302 isa/riscv64/simd-fcmp-uno.clif
442/1302 isa/riscv64/simd-fcopysign.clif
443/1302 isa/riscv64/simd-fcvt-from-sint.clif
444/1302 isa/riscv64/simd-fcvt-from-uint.clif
445/1302 isa/riscv64/simd-fcvt-to-sint-sat.clif
446/1302 isa/riscv64/simd-fcvt-to-uint-sat.clif
447/1302 isa/riscv64/simd-fdiv.clif
448/1302 isa/riscv64/simd-floor.clif
449/1302 isa/riscv64/simd-fma.clif
450/1302 isa/riscv64/simd-fmax.clif
451/1302 isa/riscv64/simd-fmin.clif
452/1302 isa/riscv64/simd-fmul.clif
453/1302 isa/riscv64/simd-fneg.clif
454/1302 isa/riscv64/simd-fsub.clif
455/1302 isa/riscv64/simd-fvdemote.clif
456/1302 isa/riscv64/simd-fvpromote-low.clif
457/1302 isa/riscv64/simd-iabs.clif
458/1302 isa/riscv64/simd-iadd-big.clif
459/1302 isa/riscv64/simd-iadd-opt.clif
460/1302 isa/riscv64/simd-iadd-small.clif
461/1302 isa/riscv64/simd-iadd-splat-extend.clif
462/1302 isa/riscv64/simd-iadd-swiden-high.clif
463/1302 isa/riscv64/simd-iadd-swiden-low.clif
464/1302 isa/riscv64/simd-iadd-swiden-mix.clif
465/1302 isa/riscv64/simd-iadd-uwiden-high.clif
466/1302 isa/riscv64/simd-iadd-uwiden-low.clif
467/1302 isa/riscv64/simd-iadd-uwiden-mix.clif
468/1302 isa/riscv64/simd-iadd.clif
469/1302 isa/riscv64/simd-iadd_pairwise.clif
470/1302 isa/riscv64/simd-icmp-eq.clif
471/1302 isa/riscv64/simd-icmp-ne.clif
472/1302 isa/riscv64/simd-icmp-sge.clif
473/1302 isa/riscv64/simd-icmp-sgt.clif
474/1302 isa/riscv64/simd-icmp-sle.clif
475/1302 isa/riscv64/simd-icmp-slt.clif
476/1302 isa/riscv64/simd-icmp-uge.clif
477/1302 isa/riscv64/simd-icmp-ugt.clif
478/1302 isa/riscv64/simd-icmp-ule.clif
479/1302 isa/riscv64/simd-icmp-ult.clif
480/1302 isa/riscv64/simd-ifma.clif
481/1302 isa/riscv64/simd-imul.clif
482/1302 isa/riscv64/simd-ineg.clif
483/1302 isa/riscv64/simd-insertlane.clif
484/1302 isa/riscv64/simd-ishl-const.clif
485/1302 isa/riscv64/simd-ishl.clif
486/1302 isa/riscv64/simd-isub-splat.clif
487/1302 isa/riscv64/simd-isub-swiden-high.clif
488/1302 isa/riscv64/simd-isub-swiden-low.clif
489/1302 isa/riscv64/simd-isub-uwiden-high.clif
490/1302 isa/riscv64/simd-isub-uwiden-low.clif
491/1302 isa/riscv64/simd-isub.clif
492/1302 isa/riscv64/simd-load-extend.clif
493/1302 isa/riscv64/simd-load-splat.clif
494/1302 isa/riscv64/simd-loads.clif
495/1302 isa/riscv64/simd-nearest.clif
496/1302 isa/riscv64/simd-popcnt.clif
497/1302 isa/riscv64/simd-saddsat.clif
498/1302 isa/riscv64/simd-scalartovector.clif
499/1302 isa/riscv64/simd-select.clif
500/1302 isa/riscv64/simd-shuffle.clif
501/1302 isa/riscv64/simd-smax.clif
502/1302 isa/riscv64/simd-smin.clif
503/1302 isa/riscv64/simd-smulhi.clif
504/1302 isa/riscv64/simd-snarrow.clif
505/1302 isa/riscv64/simd-splat.clif
506/1302 isa/riscv64/simd-sqmulroundsat.clif
507/1302 isa/riscv64/simd-sqrt.clif
508/1302 isa/riscv64/simd-sshr-const.clif
509/1302 isa/riscv64/simd-sshr.clif
510/1302 isa/riscv64/simd-ssubsat.clif
511/1302 isa/riscv64/simd-stores.clif
512/1302 isa/riscv64/simd-swiden_high.clif
513/1302 isa/riscv64/simd-swiden_low.clif
514/1302 isa/riscv64/simd-swizzle.clif
515/1302 isa/riscv64/simd-trunc.clif
516/1302 isa/riscv64/simd-uaddsat.clif
517/1302 isa/riscv64/simd-umax.clif
518/1302 isa/riscv64/simd-umin.clif
519/1302 isa/riscv64/simd-umulhi.clif
520/1302 isa/riscv64/simd-unarrow.clif
521/1302 isa/riscv64/simd-ushr-const.clif
522/1302 isa/riscv64/simd-ushr.clif
523/1302 isa/riscv64/simd-usubsat.clif
524/1302 isa/riscv64/simd-uunarrow.clif
525/1302 isa/riscv64/simd-uwiden_high.clif
526/1302 isa/riscv64/simd-uwiden_low.clif
527/1302 isa/riscv64/simd-valltrue.clif
528/1302 isa/riscv64/simd-vanytrue.clif
529/1302 isa/riscv64/simd-vconst-64bit.clif
530/1302 isa/riscv64/simd-vconst.clif
531/1302 isa/riscv64/simd-vhighbits.clif
532/1302 isa/riscv64/simd-vstate.clif
533/1302 isa/riscv64/smax-zbb.clif
534/1302 isa/riscv64/smax.clif
535/1302 isa/riscv64/smin-zbb.clif
536/1302 isa/riscv64/smin.clif
537/1302 isa/riscv64/sshr-const.clif
538/1302 isa/riscv64/sshr.clif
539/1302 isa/riscv64/stack-limit.clif
540/1302 isa/riscv64/stack.clif
541/1302 isa/riscv64/store-f16-f128.clif
542/1302 isa/riscv64/symbol-value-pic.clif
543/1302 isa/riscv64/symbol-value.clif
544/1302 isa/riscv64/tail-call-conv.clif
545/1302 isa/riscv64/tls-elf.clif
546/1302 isa/riscv64/traps.clif
547/1302 isa/riscv64/trapz-sign-extend-load32.clif
548/1302 isa/riscv64/trunc.clif
549/1302 isa/riscv64/uadd_overflow_trap.clif
550/1302 isa/riscv64/umax-zbb.clif
551/1302 isa/riscv64/umax.clif
552/1302 isa/riscv64/umin-zbb.clif
553/1302 isa/riscv64/umin.clif
554/1302 isa/riscv64/user_stack_maps.clif
555/1302 isa/riscv64/ushr-const.clif
556/1302 isa/riscv64/ushr.clif
557/1302 isa/riscv64/zca.clif
558/1302 isa/riscv64/zcb.clif
559/1302 isa/riscv64/zcd.clif
560/1302 isa/riscv64/zfa.clif
561/1302 isa/riscv64/zicond.clif
562/1302 isa/riscv64/zvbb.clif
563/1302 isa/s390x/arithmetic-arch15.clif
564/1302 isa/s390x/arithmetic.clif
565/1302 isa/s390x/atomic_cas-little.clif
566/1302 isa/s390x/atomic_cas.clif
567/1302 isa/s390x/atomic_load-little.clif
568/1302 isa/s390x/atomic_load.clif
569/1302 isa/s390x/atomic_rmw-arch13.clif
570/1302 isa/s390x/atomic_rmw-little.clif
571/1302 isa/s390x/atomic_rmw.clif
572/1302 isa/s390x/atomic_store-little.clif
573/1302 isa/s390x/atomic_store.clif
574/1302 isa/s390x/bitcast.clif
575/1302 isa/s390x/bitops-arch13.clif
576/1302 isa/s390x/bitops-arch15.clif
577/1302 isa/s390x/bitops-optimized.clif
578/1302 isa/s390x/bitops.clif
579/1302 isa/s390x/bitwise-arch13.clif
580/1302 isa/s390x/bitwise.clif
581/1302 isa/s390x/bswap.clif
582/1302 isa/s390x/call-tail.clif
583/1302 isa/s390x/call.clif
584/1302 isa/s390x/cold-blocks.clif
585/1302 isa/s390x/concat-split.clif
586/1302 isa/s390x/condbr.clif
587/1302 isa/s390x/condops.clif
588/1302 isa/s390x/constants.clif
589/1302 isa/s390x/conversions.clif
590/1302 isa/s390x/dead-notrap-load.clif
591/1302 isa/s390x/exceptions.clif
592/1302 isa/s390x/fence.clif
593/1302 isa/s390x/floating-point-arch13.clif
594/1302 isa/s390x/floating-point.clif
595/1302 isa/s390x/fp_sp_pc.clif
596/1302 isa/s390x/fpmem-arch13.clif
597/1302 isa/s390x/fpmem.clif
598/1302 isa/s390x/i128.clif
599/1302 isa/s390x/icmp-i128-arch15.clif
600/1302 isa/s390x/icmp-i128.clif
601/1302 isa/s390x/icmp.clif
602/1302 isa/s390x/inline-probestack.clif
603/1302 isa/s390x/issue-5425.clif
604/1302 isa/s390x/jumptable.clif
605/1302 isa/s390x/leaf.clif
606/1302 isa/s390x/leaf_function_detection.clif
607/1302 isa/s390x/leaf_with_preserve_frame_pointers.clif
608/1302 isa/s390x/load-arch15.clif
609/1302 isa/s390x/load-little.clif
610/1302 isa/s390x/load.clif
611/1302 isa/s390x/minmax.clif
612/1302 isa/s390x/multivalue-ret.clif
613/1302 isa/s390x/nan-canonicalization-f128.clif
614/1302 isa/s390x/nan-canonicalization.clif
615/1302 isa/s390x/patchable-call.clif
616/1302 isa/s390x/preserve-all.clif
617/1302 isa/s390x/return-call-indirect.clif
618/1302 isa/s390x/return-call.clif
619/1302 isa/s390x/sadd_overflow.clif
620/1302 isa/s390x/saturating-ops.clif
621/1302 isa/s390x/select-float.clif
622/1302 isa/s390x/shift-rotate.clif
623/1302 isa/s390x/smul_overflow.clif
624/1302 isa/s390x/ssub_overflow.clif
625/1302 isa/s390x/stack-limit.clif
626/1302 isa/s390x/stack.clif
627/1302 isa/s390x/store-little.clif
628/1302 isa/s390x/store.clif
629/1302 isa/s390x/symbols.clif
630/1302 isa/s390x/tls_elf.clif
631/1302 isa/s390x/traps.clif
632/1302 isa/s390x/uadd_overflow.clif
633/1302 isa/s390x/uadd_overflow_trap.clif
634/1302 isa/s390x/umul_overflow.clif
635/1302 isa/s390x/user_stack_maps.clif
636/1302 isa/s390x/usub_overflow.clif
637/1302 isa/s390x/vec-abi-128.clif
638/1302 isa/s390x/vec-abi.clif
639/1302 isa/s390x/vec-arithmetic-arch15.clif
640/1302 isa/s390x/vec-arithmetic.clif
641/1302 isa/s390x/vec-bitcast.clif
642/1302 isa/s390x/vec-bitops.clif
643/1302 isa/s390x/vec-bitwise-arch15.clif
644/1302 isa/s390x/vec-bitwise.clif
645/1302 isa/s390x/vec-constants-le-lane.clif
646/1302 isa/s390x/vec-constants.clif
647/1302 isa/s390x/vec-conversions-le-lane.clif
648/1302 isa/s390x/vec-conversions.clif
649/1302 isa/s390x/vec-fcmp.clif
650/1302 isa/s390x/vec-fp-arch13.clif
651/1302 isa/s390x/vec-fp.clif
652/1302 isa/s390x/vec-icmp.clif
653/1302 isa/s390x/vec-lane-arch13.clif
654/1302 isa/s390x/vec-lane-le-lane-arch13.clif
655/1302 isa/s390x/vec-lane-le-lane.clif
656/1302 isa/s390x/vec-lane.clif
657/1302 isa/s390x/vec-logical.clif
658/1302 isa/s390x/vec-permute-le-lane.clif
659/1302 isa/s390x/vec-permute.clif
660/1302 isa/s390x/vec-shift-rotate.clif
661/1302 isa/s390x/vecmem-arch13.clif
662/1302 isa/s390x/vecmem-le-lane-arch13.clif
663/1302 isa/s390x/vecmem-le-lane.clif
664/1302 isa/s390x/vecmem.clif
665/1302 isa/x64/amode-opt.clif
666/1302 isa/x64/atomic-128.clif
667/1302 isa/x64/atomic-cas-bug.clif
668/1302 isa/x64/atomic-rmw.clif
669/1302 isa/x64/atomic_cas_const_addr.clif
670/1302 isa/x64/band_not_bmi1.clif
671/1302 isa/x64/basic.clif
672/1302 isa/x64/big-endian.clif
673/1302 isa/x64/bitcast.clif
674/1302 isa/x64/bmask.clif
675/1302 isa/x64/bmi1.clif
676/1302 isa/x64/bmi2.clif
677/1302 isa/x64/branches.clif
678/1302 isa/x64/bswap.clif
679/1302 isa/x64/call-conv.clif
680/1302 isa/x64/call-with-retval-insts.clif
681/1302 isa/x64/ceil-avx.clif
682/1302 isa/x64/ceil-libcall.clif
683/1302 isa/x64/ceil.clif
684/1302 isa/x64/clz-lzcnt.clif
685/1302 isa/x64/clz.clif
686/1302 isa/x64/cmp-mem-bug.clif
687/1302 isa/x64/cold-blocks.clif
688/1302 isa/x64/conditional-values.clif
689/1302 isa/x64/crit-edge.clif
690/1302 isa/x64/ctz-bmi1.clif
691/1302 isa/x64/ctz.clif
692/1302 isa/x64/dead-notrap-load.clif
693/1302 isa/x64/debug.clif
694/1302 isa/x64/disas-undecodable-bytes.clif
695/1302 isa/x64/div-checks.clif
696/1302 isa/x64/exceptions-regalloc-verifier.clif
697/1302 isa/x64/exceptions.clif
698/1302 isa/x64/extractlane-avx.clif
699/1302 isa/x64/extractlane.clif
700/1302 isa/x64/f128const.clif
701/1302 isa/x64/f16const.clif
702/1302 isa/x64/f64-branches-avx.clif
703/1302 isa/x64/fabs.clif
704/1302 isa/x64/fastcall.clif
705/1302 isa/x64/fcmp-mem-bug.clif
706/1302 isa/x64/fcopysign.clif
707/1302 isa/x64/fcvt-avx.clif
708/1302 isa/x64/fcvt-from-sint-widen-load.clif
709/1302 isa/x64/fcvt-simd.clif
710/1302 isa/x64/fcvt.clif
711/1302 isa/x64/float-avx.clif
712/1302 isa/x64/float-bitcast-avx.clif
713/1302 isa/x64/float-bitcast.clif
714/1302 isa/x64/float-bitops-mem-operand.clif
715/1302 isa/x64/floating-point.clif
716/1302 isa/x64/floor-libcall.clif
717/1302 isa/x64/floor.clif
718/1302 isa/x64/fma-call.clif
719/1302 isa/x64/fma-inst-opt.clif
720/1302 isa/x64/fma-inst.clif
721/1302 isa/x64/fmsub-inst.clif
722/1302 isa/x64/fneg.clif
723/1302 isa/x64/fp_sp_pc.clif
724/1302 isa/x64/fpromote-demote-avx.clif
725/1302 isa/x64/fpromote-demote.clif
726/1302 isa/x64/fsqrt-avx.clif
727/1302 isa/x64/fsqrt.clif
728/1302 isa/x64/fuzzbug-60035.clif
729/1302 isa/x64/i128.clif
730/1302 isa/x64/iabs.clif
731/1302 isa/x64/iadd-pairwise-avx.clif
732/1302 isa/x64/iadd-pairwise.clif
733/1302 isa/x64/icmp-recursion-opt.clif
734/1302 isa/x64/icmp-recursion.clif
735/1302 isa/x64/immediates.clif
736/1302 isa/x64/inline-probestack-large.clif
737/1302 isa/x64/inline-probestack.clif
738/1302 isa/x64/insertlane-avx.clif
739/1302 isa/x64/insertlane.clif
740/1302 isa/x64/ishl.clif
741/1302 isa/x64/issue-10906.clif
742/1302 isa/x64/issue-8659.clif
743/1302 isa/x64/lea.clif
744/1302 isa/x64/leaf.clif
745/1302 isa/x64/leaf_function_detection.clif
746/1302 isa/x64/leaf_with_preserve_frame_pointers.clif
747/1302 isa/x64/llvm-abi-no-split-stack-u128.clif
748/1302 isa/x64/llvm-abi-option-u128.clif
749/1302 isa/x64/load-extends.clif
750/1302 isa/x64/load-f16-f128.clif
751/1302 isa/x64/load-op-store.clif
752/1302 isa/x64/load-op.clif
753/1302 isa/x64/load-small-vector.clif
754/1302 isa/x64/move-elision.clif
755/1302 isa/x64/mul-with-optimizations.clif
756/1302 isa/x64/mul.clif
757/1302 isa/x64/mul_overflow_flag_consumers.clif
758/1302 isa/x64/nan-canonicalization-sse41.clif
759/1302 isa/x64/nan-canonicalization.clif
760/1302 isa/x64/narrowing.clif
761/1302 isa/x64/nearest-libcall.clif
762/1302 isa/x64/nearest.clif
763/1302 isa/x64/patchable-call.clif
764/1302 isa/x64/pinned-reg.clif
765/1302 isa/x64/popcnt-use-popcnt.clif
766/1302 isa/x64/popcnt.clif
767/1302 isa/x64/preserve-all.clif
768/1302 isa/x64/probestack.clif
769/1302 isa/x64/return-call-indirect.clif
770/1302 isa/x64/return-call.clif
771/1302 isa/x64/scalar-bitselect-load.clif
772/1302 isa/x64/sdiv.clif
773/1302 isa/x64/select-i128.clif
774/1302 isa/x64/select-issue-3744.clif
775/1302 isa/x64/select.clif
776/1302 isa/x64/sextend.clif
777/1302 isa/x64/shift-to-extend.clif
778/1302 isa/x64/shld.clif
779/1302 isa/x64/shuffle-avx.clif
780/1302 isa/x64/shuffle-avx512.clif
781/1302 isa/x64/shuffle.clif
782/1302 isa/x64/simd-abs-avx512.clif
783/1302 isa/x64/simd-arith-avx.clif
784/1302 isa/x64/simd-bitselect.clif
785/1302 isa/x64/simd-bitwise-avx.clif
786/1302 isa/x64/simd-bitwise-compile.clif
787/1302 isa/x64/simd-cmp-avx.clif
788/1302 isa/x64/simd-comparison-legalize.clif
789/1302 isa/x64/simd-float-min-max.clif
790/1302 isa/x64/simd-i64x2-mul-avx512.clif
791/1302 isa/x64/simd-i64x2-shift-avx512.clif
792/1302 isa/x64/simd-issue-3951.clif
793/1302 isa/x64/simd-lane-access-compile.clif
794/1302 isa/x64/simd-load-avx.clif
795/1302 isa/x64/simd-load-extend.clif
796/1302 isa/x64/simd-logical-compile-avx.clif
797/1302 isa/x64/simd-logical-compile.clif
798/1302 isa/x64/simd-make-vectors-avx.clif
799/1302 isa/x64/simd-make-vectors.clif
800/1302 isa/x64/simd-pairwise-add.clif
801/1302 isa/x64/simd-splat-avx.clif
802/1302 isa/x64/simd-splat-avx2.clif
803/1302 isa/x64/simd-splat.clif
804/1302 isa/x64/simd-vpdpbusd-evex.clif
805/1302 isa/x64/simd-vpdpbusd.clif
806/1302 isa/x64/simd-widen-mul.clif
807/1302 isa/x64/sink-load-store-of-bitwise-op-on-float.clif
808/1302 isa/x64/smulhi.clif
809/1302 isa/x64/sqmul_round_sat.clif
810/1302 isa/x64/srem.clif
811/1302 isa/x64/sshr.clif
812/1302 isa/x64/stack_switch.clif
813/1302 isa/x64/stackslot.clif
814/1302 isa/x64/stackslot_alignment.clif
815/1302 isa/x64/store-f16-f128.clif
816/1302 isa/x64/store-f16-sse41.clif
817/1302 isa/x64/store-imm.clif
818/1302 isa/x64/store-small-vector.clif
819/1302 isa/x64/struct-arg.clif
820/1302 isa/x64/struct-ret.clif
821/1302 isa/x64/symbols-pic.clif
822/1302 isa/x64/symbols.clif
823/1302 isa/x64/tail-call-conv.clif
824/1302 isa/x64/tail-stack-limit.clif
825/1302 isa/x64/tls_coff.clif
826/1302 isa/x64/tls_elf.clif
827/1302 isa/x64/tls_macho.clif
828/1302 isa/x64/too-large-stackframe.clif
829/1302 isa/x64/traps.clif
830/1302 isa/x64/trunc-libcall.clif
831/1302 isa/x64/trunc.clif
832/1302 isa/x64/uadd_overflow_brif.clif
833/1302 isa/x64/uadd_overflow_flag_consumers.clif
834/1302 isa/x64/uadd_overflow_trap.clif
835/1302 isa/x64/udiv.clif
836/1302 isa/x64/udivrem.clif
837/1302 isa/x64/uext-sext-handling.clif
838/1302 isa/x64/umax-bug.clif
839/1302 isa/x64/umulhi.clif
840/1302 isa/x64/urem.clif
841/1302 isa/x64/user_stack_maps.clif
842/1302 isa/x64/ushr.clif
843/1302 isa/x64/uunarrow.clif
844/1302 isa/x64/very-carefully-sink-loads-in-float-compares.clif
845/1302 isa/x64/vhigh_bits-avx.clif
846/1302 isa/x64/vhigh_bits.clif
847/1302 isa/x64/widen-high-bug.clif
848/1302 isa/x64/widen-low-load.clif
849/1302 isa/x64/widen-narrow-load.clif
850/1302 isa/x64/widening.clif
851/1302 isa/x64/winch.clif
852/1302 isa/x64/xmm-select-load.clif
853/1302 parser/alias.clif
854/1302 parser/branch.clif
855/1302 parser/call.clif
856/1302 parser/flags.clif
857/1302 parser/keywords.clif
858/1302 parser/memory.clif
859/1302 parser/preserve_all.clif
860/1302 parser/rewrite.clif
861/1302 parser/ternary.clif
862/1302 parser/tiny.clif
863/1302 parser/user_stack_maps.clif
864/1302 runtests/aarch64-apple-stack-return-abi.clif
865/1302 runtests/alias-analysis-endianness.clif
866/1302 runtests/alias.clif
867/1302 runtests/amode-shared-base.clif
868/1302 runtests/arithmetic-extends.clif
869/1302 runtests/arithmetic.clif
870/1302 runtests/atomic-128-cas-lse.clif
871/1302 runtests/atomic-128.clif
872/1302 runtests/atomic-cas-little.clif
873/1302 runtests/atomic-cas-subword-big.clif
874/1302 runtests/atomic-cas-subword-little.clif
875/1302 runtests/atomic-cas.clif
876/1302 runtests/atomic-load-store.clif
877/1302 runtests/atomic-rmw-little.clif
878/1302 runtests/atomic-rmw-subword-big.clif
879/1302 runtests/atomic-rmw-subword-little.clif
880/1302 runtests/bb-padding.clif
881/1302 runtests/bitcast-same-type.clif
882/1302 runtests/bitcast.clif
883/1302 runtests/bitops.clif
884/1302 runtests/bitrev.clif
885/1302 runtests/bitselect-float.clif
886/1302 runtests/bitselect.clif
887/1302 runtests/bmask.clif
888/1302 runtests/bnot.clif
889/1302 runtests/br.clif
890/1302 runtests/br_table.clif
891/1302 runtests/brif.clif
892/1302 runtests/bswap.clif
893/1302 runtests/call.clif
894/1302 runtests/call_indirect.clif
895/1302 runtests/call_libcall.clif
896/1302 runtests/ceil.clif
897/1302 runtests/cls.clif
898/1302 runtests/clz.clif
899/1302 runtests/const.clif
900/1302 runtests/conversion-i8-i16.clif
901/1302 runtests/conversion.clif
902/1302 runtests/ctz.clif
903/1302 runtests/div-checks.clif
904/1302 runtests/dynamic-simd-arithmetic.clif
905/1302 runtests/dynamic-simd-narrow-widen.clif
906/1302 runtests/extend-of-compare.clif
907/1302 runtests/extend.clif
908/1302 runtests/f128-bitcast.clif
909/1302 runtests/f128-select.clif
910/1302 runtests/f128const.clif
911/1302 runtests/f16-arithmetic.clif
912/1302 runtests/f16-bitcast.clif
913/1302 runtests/f16-conversions.clif
914/1302 runtests/f16-fma.clif
915/1302 runtests/f16-memory.clif
916/1302 runtests/f16-select.clif
917/1302 runtests/f16const.clif
918/1302 runtests/f32const.clif
919/1302 runtests/f64const.clif
920/1302 runtests/fabs.clif
921/1302 runtests/fadd.clif
922/1302 runtests/fcmp-eq.clif
923/1302 runtests/fcmp-ge.clif
924/1302 runtests/fcmp-gt.clif
925/1302 runtests/fcmp-le.clif
926/1302 runtests/fcmp-lt.clif
927/1302 runtests/fcmp-ne.clif
928/1302 runtests/fcmp-one.clif
929/1302 runtests/fcmp-ord.clif
930/1302 runtests/fcmp-ueq.clif
931/1302 runtests/fcmp-uge.clif
932/1302 runtests/fcmp-ugt.clif
933/1302 runtests/fcmp-ule.clif
934/1302 runtests/fcmp-ult.clif
935/1302 runtests/fcmp-uno.clif
936/1302 runtests/fcopysign.clif
937/1302 runtests/fcvt-from-int.clif
938/1302 runtests/fcvt-sat-small.clif
939/1302 runtests/fdemote.clif
940/1302 runtests/fdemote_32.clif
941/1302 runtests/fdemote_64.clif
942/1302 runtests/fdiv.clif
943/1302 runtests/fence.clif
944/1302 runtests/fibonacci.clif
945/1302 runtests/float-bitops.clif
946/1302 runtests/floor.clif
947/1302 runtests/fma-neg-chain.clif
948/1302 runtests/fma.clif
949/1302 runtests/fmax-pseudo.clif
950/1302 runtests/fmax-vector.clif
951/1302 runtests/fmax.clif
952/1302 runtests/fmin-pseudo.clif
953/1302 runtests/fmin-vector.clif
954/1302 runtests/fmin.clif
955/1302 runtests/fmul.clif
956/1302 runtests/fneg.clif
957/1302 runtests/fold-bitops.clif
958/1302 runtests/fp-bitops.clif
959/1302 runtests/fpromote.clif
960/1302 runtests/fpromote_32.clif
961/1302 runtests/fpromote_64.clif
962/1302 runtests/fsub.clif
963/1302 runtests/global_value.clif
964/1302 runtests/i128-arithmetic-extends.clif
965/1302 runtests/i128-arithmetic.clif
966/1302 runtests/i128-bandnot.clif
967/1302 runtests/i128-bitcast.clif
968/1302 runtests/i128-bitops-count.clif
969/1302 runtests/i128-bitops.clif
970/1302 runtests/i128-bitrev.clif
971/1302 runtests/i128-bitselect.clif
972/1302 runtests/i128-bmask.clif
973/1302 runtests/i128-bnot.clif
974/1302 runtests/i128-bornot.clif
975/1302 runtests/i128-br.clif
976/1302 runtests/i128-bswap.clif
977/1302 runtests/i128-bxornot.clif
978/1302 runtests/i128-call.clif
979/1302 runtests/i128-concat-split.clif
980/1302 runtests/i128-conversion.clif
981/1302 runtests/i128-extend.clif
982/1302 runtests/i128-iabs.clif
983/1302 runtests/i128-icmp.clif
984/1302 runtests/i128-ineg.clif
985/1302 runtests/i128-ireduce.clif
986/1302 runtests/i128-load-store.clif
987/1302 runtests/i128-min-max.clif
988/1302 runtests/i128-rotate.clif
989/1302 runtests/i128-select-float.clif
990/1302 runtests/i128-select.clif
991/1302 runtests/i128-shifts.clif
992/1302 runtests/i128-srem.clif
993/1302 runtests/i128-urem.clif
994/1302 runtests/iabs.clif
995/1302 runtests/iaddcarry.clif
996/1302 runtests/icmp-eq-imm.clif
997/1302 runtests/icmp-eq.clif
998/1302 runtests/icmp-ne.clif
999/1302 runtests/icmp-of-icmp.clif
1000/1302 runtests/icmp-sge.clif
1001/1302 runtests/icmp-sgt.clif
1002/1302 runtests/icmp-sle.clif
1003/1302 runtests/icmp-slt.clif
1004/1302 runtests/icmp-uge.clif
1005/1302 runtests/icmp-ugt.clif
1006/1302 runtests/icmp-ule.clif
1007/1302 runtests/icmp-ult.clif
1008/1302 runtests/icmp.clif
1009/1302 runtests/ineg.clif
1010/1302 runtests/inline-probestack.clif
1011/1302 runtests/integer-minmax.clif
1012/1302 runtests/ireduce.clif
1013/1302 runtests/issue-10906.clif
1014/1302 runtests/issue-12696.clif
1015/1302 runtests/issue-14293.clif
1016/1302 runtests/issue-5498.clif
1017/1302 runtests/issue-5690.clif
1018/1302 runtests/issue-5992.clif
1019/1302 runtests/issue-5993.clif
1020/1302 runtests/issue-6581.clif
1021/1302 runtests/issue-6582.clif
1022/1302 runtests/issue-6635.clif
1023/1302 runtests/issue-6640.clif
1024/1302 runtests/issue-6859.clif
1025/1302 runtests/issue-6916.clif
1026/1302 runtests/issue-6954.clif
1027/1302 runtests/issue5497.clif
1028/1302 runtests/issue5523.clif
1029/1302 runtests/issue5524.clif
1030/1302 runtests/issue5525.clif
1031/1302 runtests/issue5526.clif
1032/1302 runtests/issue5528.clif
1033/1302 runtests/issue5569.clif
1034/1302 runtests/issue5714.clif
1035/1302 runtests/issue5839.clif
1036/1302 runtests/issue5884.clif
1037/1302 runtests/issue5901.clif
1038/1302 runtests/issue5952.clif
1039/1302 runtests/isubborrow.clif
1040/1302 runtests/long-jump.clif
1041/1302 runtests/mul_overflow_flag_consumers.clif
1042/1302 runtests/nearest.clif
1043/1302 runtests/or-and-y-with-not-y.clif
1044/1302 runtests/pinned-reg.clif
1045/1302 runtests/popcnt-interpret.clif
1046/1302 runtests/popcnt.clif
1047/1302 runtests/return-call-indirect.clif
1048/1302 runtests/return-call-loop.clif
1049/1302 runtests/return-call.clif
1050/1302 runtests/riscv64-vstate.clif
1051/1302 runtests/riscv64_issue_4996.clif
1052/1302 runtests/rotl.clif
1053/1302 runtests/rotr.clif
1054/1302 runtests/s390x-lxa.clif
1055/1302 runtests/s390x-veval.clif
1056/1302 runtests/sadd_overflow.clif
1057/1302 runtests/scalar-to-vector-upper-bits-zero.clif
1058/1302 runtests/sdiv-i128.clif
1059/1302 runtests/sdiv.clif
1060/1302 runtests/select-float.clif
1061/1302 runtests/select.clif
1062/1302 runtests/selectif-spectre-guard.clif
1063/1302 runtests/shift-right-left.clif
1064/1302 runtests/shifts.clif
1065/1302 runtests/simd-addv-reduce.clif
1066/1302 runtests/simd-arithmetic.clif
1067/1302 runtests/simd-avg-round-small.clif
1068/1302 runtests/simd-avg-round.clif
1069/1302 runtests/simd-band-64bit.clif
1070/1302 runtests/simd-band-splat.clif
1071/1302 runtests/simd-band.clif
1072/1302 runtests/simd-bandnot-64bit.clif
1073/1302 runtests/simd-bitcast-128.clif
1074/1302 runtests/simd-bitcast-64bit.clif
1075/1302 runtests/simd-bitcast-aarch64.clif
1076/1302 runtests/simd-bitcast.clif
1077/1302 runtests/simd-bitops-zvbb.clif
1078/1302 runtests/simd-bitselect-to-vselect.clif
1079/1302 runtests/simd-bitselect.clif
1080/1302 runtests/simd-bnot-64bit.clif
1081/1302 runtests/simd-bnot.clif
1082/1302 runtests/simd-bor-64bit.clif
1083/1302 runtests/simd-bor-splat.clif
1084/1302 runtests/simd-bor.clif
1085/1302 runtests/simd-bornot-64bit.clif
1086/1302 runtests/simd-bxor-64bit.clif
1087/1302 runtests/simd-bxor-splat.clif
1088/1302 runtests/simd-bxor.clif
1089/1302 runtests/simd-ceil.clif
1090/1302 runtests/simd-extractlane-32.clif
1091/1302 runtests/simd-extractlane.clif
1092/1302 runtests/simd-extractlane_32.clif
1093/1302 runtests/simd-extractlane_64.clif
1094/1302 runtests/simd-fabs.clif
1095/1302 runtests/simd-fadd-splat.clif
1096/1302 runtests/simd-fadd.clif
1097/1302 runtests/simd-fcmp-eq.clif
1098/1302 runtests/simd-fcmp-ge.clif
1099/1302 runtests/simd-fcmp-gt.clif
1100/1302 runtests/simd-fcmp-le.clif
1101/1302 runtests/simd-fcmp-lt.clif
1102/1302 runtests/simd-fcmp-ne.clif
1103/1302 runtests/simd-fcmp-one.clif
1104/1302 runtests/simd-fcmp-ord.clif
1105/1302 runtests/simd-fcmp-ueq.clif
1106/1302 runtests/simd-fcmp-uge.clif
1107/1302 runtests/simd-fcmp-ugt.clif
1108/1302 runtests/simd-fcmp-ule.clif
1109/1302 runtests/simd-fcmp-ult.clif
1110/1302 runtests/simd-fcmp-uno.clif
1111/1302 runtests/simd-fcopysign-64bit.clif
1112/1302 runtests/simd-fcopysign.clif
1113/1302 runtests/simd-fcvt-from-sint.clif
1114/1302 runtests/simd-fcvt-from-uint.clif
1115/1302 runtests/simd-fcvt-to-sint-sat.clif
1116/1302 runtests/simd-fcvt-to-uint-sat.clif
1117/1302 runtests/simd-fdiv.clif
1118/1302 runtests/simd-floor.clif
1119/1302 runtests/simd-fma-64bit.clif
1120/1302 runtests/simd-fma-neg.clif
1121/1302 runtests/simd-fma.clif
1122/1302 runtests/simd-fmax-fmin-nondeterministic-aarch64.clif
1123/1302 runtests/simd-fmax-fmin-nondeterministic-riscv64.clif
1124/1302 runtests/simd-fmax-fmin-nondeterministic-x86_64.clif
1125/1302 runtests/simd-fmax-fmin.clif
1126/1302 runtests/simd-fmin-max-pseudo.clif
1127/1302 runtests/simd-fmul.clif
1128/1302 runtests/simd-fneg.clif
1129/1302 runtests/simd-fsub.clif
1130/1302 runtests/simd-fvdemote.clif
1131/1302 runtests/simd-fvpromote-low.clif
1132/1302 runtests/simd-iabs.clif
1133/1302 runtests/simd-iadd-small.clif
1134/1302 runtests/simd-iadd-splat.clif
1135/1302 runtests/simd-iadd-swiden-high.clif
1136/1302 runtests/simd-iadd-swiden-low.clif
1137/1302 runtests/simd-iadd-swiden-mix.clif
1138/1302 runtests/simd-iadd-uwiden-high.clif
1139/1302 runtests/simd-iadd-uwiden-low.clif
1140/1302 runtests/simd-iadd-uwiden-mix.clif
1141/1302 runtests/simd-iadd.clif
1142/1302 runtests/simd-iaddpairwise-64bit.clif
1143/1302 runtests/simd-iaddpairwise.clif
1144/1302 runtests/simd-icmp-eq.clif
1145/1302 runtests/simd-icmp-ne.clif
1146/1302 runtests/simd-icmp-sge.clif
1147/1302 runtests/simd-icmp-sgt.clif
1148/1302 runtests/simd-icmp-sle.clif
1149/1302 runtests/simd-icmp-slt.clif
1150/1302 runtests/simd-icmp-uge.clif
1151/1302 runtests/simd-icmp-ugt.clif
1152/1302 runtests/simd-icmp-ule.clif
1153/1302 runtests/simd-icmp-ult.clif
1154/1302 runtests/simd-ifma.clif
1155/1302 runtests/simd-imul-i8x16.clif
1156/1302 runtests/simd-imul.clif
1157/1302 runtests/simd-ineg.clif
1158/1302 runtests/simd-insert-extract-lane.clif
1159/1302 runtests/simd-insertlane.clif
1160/1302 runtests/simd-insertlane_32.clif
1161/1302 runtests/simd-insertlane_64.clif
1162/1302 runtests/simd-ishl.clif
1163/1302 runtests/simd-isub-splat.clif
1164/1302 runtests/simd-isub-swiden-high.clif
1165/1302 runtests/simd-isub-swiden-low.clif
1166/1302 runtests/simd-isub-uwiden-high.clif
1167/1302 runtests/simd-isub-uwiden-low.clif
1168/1302 runtests/simd-isub.clif
1169/1302 runtests/simd-lane-access.clif
1170/1302 runtests/simd-logical.clif
1171/1302 runtests/simd-make-vectors.clif
1172/1302 runtests/simd-min-max.clif
1173/1302 runtests/simd-nearest.clif
1174/1302 runtests/simd-popcnt-large.clif
1175/1302 runtests/simd-popcnt.clif
1176/1302 runtests/simd-relaxed-dot-i16x8.clif
1177/1302 runtests/simd-saddsat-aarch64.clif
1178/1302 runtests/simd-saddsat.clif
1179/1302 runtests/simd-scalartovector-aarch64.clif
1180/1302 runtests/simd-scalartovector.clif
1181/1302 runtests/simd-sdot.clif
1182/1302 runtests/simd-select.clif
1183/1302 runtests/simd-shuffle.clif
1184/1302 runtests/simd-small.clif
1185/1302 runtests/simd-smulhi.clif
1186/1302 runtests/simd-snarrow-aarch64.clif
1187/1302 runtests/simd-snarrow.clif
1188/1302 runtests/simd-splat-32.clif
1189/1302 runtests/simd-splat.clif
1190/1302 runtests/simd-sqmulroundsat-aarch64.clif
1191/1302 runtests/simd-sqmulroundsat.clif
1192/1302 runtests/simd-sqrt.clif
1193/1302 runtests/simd-sshr.clif
1194/1302 runtests/simd-ssubsat-aarch64.clif
1195/1302 runtests/simd-ssubsat.clif
1196/1302 runtests/simd-swidenhigh.clif
1197/1302 runtests/simd-swidenlow.clif
1198/1302 runtests/simd-swizzle.clif
1199/1302 runtests/simd-trunc.clif
1200/1302 runtests/simd-uaddsat-aarch64.clif
1201/1302 runtests/simd-uaddsat.clif
1202/1302 runtests/simd-umulhi.clif
1203/1302 runtests/simd-unarrow-aarch64.clif
1204/1302 runtests/simd-unarrow.clif
1205/1302 runtests/simd-ushr.clif
1206/1302 runtests/simd-usubsat-aarch64.clif
1207/1302 runtests/simd-usubsat.clif
1208/1302 runtests/simd-uunarrow.clif
1209/1302 runtests/simd-uwidenhigh.clif
1210/1302 runtests/simd-uwidenlow.clif
1211/1302 runtests/simd-valltrue-64bit.clif
1212/1302 runtests/simd-valltrue.clif
1213/1302 runtests/simd-vanytrue-64bit.clif
1214/1302 runtests/simd-vanytrue.clif
1215/1302 runtests/simd-vconst-64bit.clif
1216/1302 runtests/simd-vconst-f16.clif
1217/1302 runtests/simd-vconst-large.clif
1218/1302 runtests/simd-vconst.clif
1219/1302 runtests/simd-vector.clif
1220/1302 runtests/simd-vhighbits-float.clif
1221/1302 runtests/simd-vhighbits.clif
1222/1302 runtests/simd-vpdpbusd.clif
1223/1302 runtests/simd-wideningpairwisedotproducts.clif
1224/1302 runtests/simd_compare_zero.clif
1225/1302 runtests/smul_overflow.clif
1226/1302 runtests/smulhi-aarch64.clif
1227/1302 runtests/smulhi.clif
1228/1302 runtests/spill-reload.clif
1229/1302 runtests/sqrt.clif
1230/1302 runtests/srem.clif
1231/1302 runtests/srem_opts.clif
1232/1302 runtests/ssub_overflow.clif
1233/1302 runtests/stack-32.clif
1234/1302 runtests/stack-addr-32.clif
1235/1302 runtests/stack-addr-64.clif
1236/1302 runtests/stack.clif
1237/1302 runtests/tail-call-conv.clif
1238/1302 runtests/tail-stack-limit.clif
1239/1302 runtests/throw.clif
1240/1302 runtests/trapnz.clif
1241/1302 runtests/trapz.clif
1242/1302 runtests/trunc.clif
1243/1302 runtests/try_call.clif
1244/1302 runtests/uadd_overflow.clif
1245/1302 runtests/uadd_overflow_128.clif
1246/1302 runtests/uadd_overflow_narrow.clif
1247/1302 runtests/uadd_overflow_trap.clif
1248/1302 runtests/udiv.clif
1249/1302 runtests/umul_overflow.clif
1250/1302 runtests/umulhi.clif
1251/1302 runtests/urem.clif
1252/1302 runtests/usdot.clif
1253/1302 runtests/usub_overflow.clif
1254/1302 runtests/vec-cmp-true-opts.clif
1255/1302 runtests/winch.clif
1256/1302 runtests/x64/fmsub.clif
1257/1302 runtests/x64-bmi1.clif
1258/1302 runtests/x64-bmi2.clif
1259/1302 runtests/x64-xmm-mem-align-bug.clif
1260/1302 verifier/alias_regions.clif
1261/1302 verifier/argument-extension.clif
1262/1302 verifier/bad_layout.clif
1263/1302 verifier/bitcast.clif
1264/1302 verifier/cold_entry.clif
1265/1302 verifier/constant.clif
1266/1302 verifier/debug_tags.clif
1267/1302 verifier/defs_dominates_uses.clif
1268/1302 verifier/duplicate_alias_region_user_id.clif
1269/1302 verifier/exceptions.clif
1270/1302 verifier/globals.clif
1271/1302 verifier/jump_table.clif
1272/1302 verifier/memory.clif
1273/1302 verifier/patchable-call.clif
1274/1302 verifier/pointer_width_32.clif
1275/1302 verifier/pointer_width_64.clif
1276/1302 verifier/preserve-all-abi.clif
1277/1302 verifier/read-only-store.clif
1278/1302 verifier/return-call.clif
1279/1302 verifier/scalar-to-vector.clif
1280/1302 verifier/simd-lane-index.clif
1281/1302 verifier/type_check.clif
1282/1302 verifier/undeclared_vmctx.clif
1283/1302 verifier/unreachable_code.clif
1284/1302 wasm/control.clif
1285/1302 wasm/conversions.clif
1286/1302 wasm/f32-arith.clif
1287/1302 wasm/f32-compares.clif
1288/1302 wasm/f64-arith.clif
1289/1302 wasm/f64-compares.clif
1290/1302 wasm/i32-arith.clif
1291/1302 wasm/i32-compares.clif
1292/1302 wasm/i64-arith.clif
1293/1302 wasm/i64-arith32.clif
1294/1302 wasm/i64-compares.clif
1295/1302 wasm/multi-val-f32.clif
1296/1302 wasm/multi-val-f64.clif
1297/1302 wasm/multi-val-i32.clif
1298/1302 wasm/multi-val-i64.clif
1299/1302 wasm/multi-val-mixed.clif
1300/1302 wasm/multi-val-take-many-and-return-many.clif
1301/1302 wasm/multi-val-tons-of-results.clif
1302/1302 wasm/select.clif
{
  "official_test_files": 1302,
  "inventoried_test_files": 1302,
  "files_by_category": {
    "alias": 46,
    "cfg": 3,
    "domtree": 5,
    "egraph": 76,
    "inline": 18,
    "isa": 704,
    "parser": 11,
    "runtests": 396,
    "verifier": 24,
    "wasm": 19
  },
  "file_statuses": {
    "non_binary_test": 180,
    "binary_test": 484,
    "no_lean_target": 630,
    "stock_parser_warning_skip": 8
  },
  "files_with_lean_compilation_attempts": 483,
  "files_with_compared_function_outputs": 151,
  "files_all_aarch64_code_artifacts_identical": 19,
  "stock_binary_stages_by_command": {
    "run": 387,
    "compile": 141
  },
  "declared_stock_commands": {
    "alias-analysis": 10,
    "optimize": 102,
    "interpret": 318,
    "run": 392,
    "print-cfg": 3,
    "verifier": 30,
    "domtree": 5,
    "compile": 730,
    "inline": 18,
    "cat": 11
  },
  "accepted_lean_configuration_requests": 2012,
  "unsupported_configuration_reasons": {
    "unsupported setting opt_level=speed; implemented policy is none": 238,
    "unsupported setting opt_level=speed_and_size; implemented policy is none": 5,
    "has_lse=true changes the lowering of this function's atomic_rmw/atomic_cas; Lean does not implement LSE atomics": 114,
    "unsupported ISA setting use_bti=true": 11,
    "is_pic=false requires a non-PIC far-symbol lowering that Lean does not implement": 40,
    "unsupported setting enable_compact_unwind_abi=true; implemented policy is false": 1,
    "use_csdb=true adds csdb to this function's select_spectre_guard/br_table; Lean does not implement it": 6,
    "unsupported setting probestack_strategy=inline; implemented policy is outline": 5,
    "unsupported setting enable_table_access_spectre_mitigation=false; implemented policy is true": 1,
    "unsupported setting enable_pinned_reg=true; implemented policy is false": 1,
    "unsupported setting tls_model=elf_gd; implemented policy is none": 1,
    "unsupported setting tls_model=macho; implemented policy is none": 1,
    "unsupported setting bb_padding_log2_minus_one=21; implemented policy is 0": 2,
    "sign_return_address=true signs this function's return address; Lean does not implement pointer authentication": 2,
    "unsupported setting probestack_size_log2=16; implemented policy is 12": 2,
    "unsupported setting probestack_size_log2=6; implemented policy is 12": 1,
    "unsupported setting bb_padding_log2_minus_one=12; implemented policy is 0": 1
  },
  "test_function_compilations": 4501,
  "function_statuses": {
    "unsupported_configuration": 432,
    "different_code_artifact": 1145,
    "identical_code_artifact": 465,
    "lean_unsupported": 2413,
    "expected_stock_rejection_no_binary": 46
  },
  "distinct_test_function_names": 3872,
  "distinct_test_functions": 4105,
  "byte_and_relocation_matches_under_accepted_settings": 465,
  "exact_code_artifacts": 465,
  "full_artifact_equivalence_verified": false,
  "failed_stock_compile_assertions": 0,
  "nonrepeatable_reference_stages": 1,
  "source_files_modified": 0
}
Measurement complete: /home/lee/clifv-wt/stock-settings/target/stock-comparison-merged47b/summary.md
Build/validation logs: /home/lee/clifv-wt/stock-settings/target/stock-comparison-merged47b.build-logs
exit 1
